V1(
    ModProfileV1 {
        supports: [],
        natives: [
            Native {
                path: ModFile(
                    "./mod.dll",
                ),
                optional: true,
                enabled: true,
                load_before: [],
                load_after: [],
                initializer: None,
                finalizer: None,
            },
        ],
        packages: [
            Package {
                id: "my-mod",
                source: ModFile(
                    "mod/",
                ),
                load_after: [],
                load_before: [],
            },
        ],
    },
)
